2025-04-22 17:12:02,504 DEBUG cd evaluation && python3 -m venv env
2025-04-22 17:12:05,267 DEBUG cd evaluation && /home/rohy/evalaivr/evaluation/env/bin/python -m pip install --quiet --upgrade pip
2025-04-22 17:12:07,492 DEBUG cd evaluation && /home/rohy/evalaivr/evaluation/env/bin/python -m pip install --quiet wheel
2025-04-22 17:12:09,191 LOG Getting frappe
2025-04-22 17:12:09,191 DEBUG cd evaluation/apps && git clone https://github.com/frappe/frappe.git  --depth 1 --origin upstream
2025-04-22 17:12:41,390 LOG Installing frappe
2025-04-22 17:12:41,390 DEBUG cd /home/rohy/evalaivr/evaluation && /home/rohy/evalaivr/evaluation/env/bin/python -m pip install --quiet --upgrade -e /home/rohy/evalaivr/evaluation/apps/frappe 
2025-04-22 17:13:37,568 DEBUG cd /home/rohy/evalaivr/evaluation/apps/frappe && yarn install --check-files
2025-04-22 17:13:45,771 DEBUG cd evaluation && bench build
2025-04-22 17:13:45,880 INFO /home/rohy/.local/bin/bench build
2025-04-22 17:14:06,634 LOG setting up backups
2025-04-22 17:14:06,649 LOG backups were set up
2025-04-22 17:14:06,650 INFO Bench evaluation initialized
2025-04-22 17:14:16,426 INFO /home/rohy/.local/bin/bench start
2025-04-22 17:14:16,627 INFO /home/rohy/.local/bin/bench serve --port 8000
2025-04-22 17:14:16,627 INFO /home/rohy/.local/bin/bench schedule
2025-04-22 17:14:16,627 INFO /home/rohy/.local/bin/bench watch
2025-04-22 17:14:16,628 INFO /home/rohy/.local/bin/bench worker
2025-04-22 17:16:12,085 INFO /home/rohy/.local/bin/bench new-site erpnext.localhost
2025-04-22 17:17:35,475 INFO /home/rohy/.local/bin/bench get-app https://github.com/frappe/erpnext
2025-04-22 17:17:35,482 LOG Getting erpnext
2025-04-22 17:17:35,482 DEBUG cd ./apps && git clone https://github.com/frappe/erpnext  --depth 1 --origin upstream
2025-04-22 17:18:06,801 LOG Installing erpnext
2025-04-22 17:18:06,801 DEBUG cd /home/rohy/evalaivr/evaluation && /home/rohy/evalaivr/evaluation/env/bin/python -m pip install --quiet --upgrade -e /home/rohy/evalaivr/evaluation/apps/erpnext 
2025-04-22 17:18:14,669 DEBUG cd /home/rohy/evalaivr/evaluation/apps/erpnext && yarn install --check-files
2025-04-22 17:18:15,116 DEBUG bench build --app erpnext
2025-04-22 17:18:15,245 INFO /home/rohy/.local/bin/bench build --app erpnext
2025-04-22 17:18:34,184 INFO /home/rohy/.local/bin/bench --site erpnext.localhost install-app erpnext
2025-04-22 17:20:09,476 INFO /home/rohy/.local/bin/bench start
2025-04-22 17:20:09,717 INFO /home/rohy/.local/bin/bench worker
2025-04-22 17:20:09,720 INFO /home/rohy/.local/bin/bench schedule
2025-04-22 17:20:09,720 INFO /home/rohy/.local/bin/bench serve --port 8000
2025-04-22 17:20:09,740 INFO /home/rohy/.local/bin/bench watch
2025-04-22 17:21:04,238 INFO /home/rohy/.local/bin/bench start
2025-04-22 17:21:04,491 INFO /home/rohy/.local/bin/bench watch
2025-04-22 17:21:04,493 INFO /home/rohy/.local/bin/bench serve --port 8000
2025-04-22 17:21:04,494 INFO /home/rohy/.local/bin/bench worker
2025-04-22 17:21:04,501 INFO /home/rohy/.local/bin/bench schedule
2025-04-22 18:00:01,389 INFO /home/rohy/.local/bin/bench --verbose --site all backup
2025-04-23 12:00:01,563 INFO /home/rohy/.local/bin/bench --verbose --site all backup
2025-04-23 12:50:51,584 INFO /home/rohy/.local/bin/bench start
2025-04-23 12:50:52,001 INFO /home/rohy/.local/bin/bench schedule
2025-04-23 12:50:52,004 INFO /home/rohy/.local/bin/bench serve --port 8000
2025-04-23 12:50:52,006 INFO /home/rohy/.local/bin/bench watch
2025-04-23 12:50:52,015 INFO /home/rohy/.local/bin/bench worker
2025-04-23 14:36:40,867 INFO /home/rohy/.local/bin/bench start
2025-04-23 14:36:41,559 INFO /home/rohy/.local/bin/bench serve --port 8000
2025-04-23 14:36:41,564 INFO /home/rohy/.local/bin/bench watch
2025-04-23 14:36:41,579 INFO /home/rohy/.local/bin/bench schedule
2025-04-23 14:36:41,588 INFO /home/rohy/.local/bin/bench worker
2025-04-23 18:00:02,562 INFO /home/rohy/.local/bin/bench --verbose --site all backup
