2025-04-22 21:08:00,457 ERROR scheduler Skipped queueing frappe.email.doctype.notification.notification.trigger_offset_alerts because it was found in queue for erpnext.localhost
2025-04-22 21:32:00,264 ERROR scheduler Skipped queueing frappe.automation.doctype.reminder.reminder.send_reminders because it was found in queue for erpnext.localhost
2025-04-22 21:32:00,295 ERROR scheduler Skipped queueing frappe.deferred_insert.save_to_db because it was found in queue for erpnext.localhost
2025-04-22 21:32:00,297 ERROR scheduler Skipped queueing frappe.twofactor.delete_all_barcodes_for_users because it was found in queue for erpnext.localhost
2025-04-22 21:32:00,301 ERROR scheduler Skipped queueing frappe.email.doctype.notification.notification.trigger_offset_alerts because it was found in queue for erpnext.localhost
2025-04-22 21:32:00,304 ERROR scheduler Skipped queueing erpnext.accounts.doctype.gl_entry.gl_entry.rename_gle_sle_docs because it was found in queue for erpnext.localhost
2025-04-22 21:32:00,305 ERROR scheduler Skipped queueing erpnext.utilities.doctype.video.video.update_youtube_data because it was found in queue for erpnext.localhost
2025-04-22 21:32:00,311 ERROR scheduler Skipped queueing frappe.utils.global_search.sync_global_search because it was found in queue for erpnext.localhost
2025-04-22 21:32:00,319 ERROR scheduler Skipped queueing frappe.website.doctype.web_page.web_page.check_publish_status because it was found in queue for erpnext.localhost
2025-04-22 21:32:00,321 ERROR scheduler Skipped queueing frappe.email.doctype.email_account.email_account.pull because it was found in queue for erpnext.localhost
2025-04-22 21:32:00,325 ERROR scheduler Skipped queueing frappe.email.doctype.email_account.email_account.notify_unreplied because it was found in queue for erpnext.localhost
2025-04-22 21:32:00,328 ERROR scheduler Skipped queueing frappe.oauth.delete_oauth2_data because it was found in queue for erpnext.localhost
2025-04-22 21:48:00,646 ERROR scheduler Skipped queueing frappe.email.doctype.email_account.email_account.notify_unreplied because it was found in queue for erpnext.localhost
2025-04-22 21:48:00,656 ERROR scheduler Skipped queueing frappe.website.doctype.web_page.web_page.check_publish_status because it was found in queue for erpnext.localhost
2025-04-23 10:08:00,937 ERROR scheduler Skipped queueing erpnext.utilities.bulk_transaction.retry because it was found in queue for erpnext.localhost
2025-04-23 10:16:00,622 ERROR scheduler Skipped queueing frappe.utils.global_search.sync_global_search because it was found in queue for erpnext.localhost
2025-04-23 10:16:00,640 ERROR scheduler Skipped queueing frappe.email.doctype.email_account.email_account.notify_unreplied because it was found in queue for erpnext.localhost
2025-04-23 10:16:00,651 ERROR scheduler Skipped queueing frappe.oauth.delete_oauth2_data because it was found in queue for erpnext.localhost
2025-04-23 10:16:00,653 ERROR scheduler Skipped queueing frappe.website.doctype.web_page.web_page.check_publish_status because it was found in queue for erpnext.localhost
2025-04-23 10:16:00,657 ERROR scheduler Skipped queueing erpnext.manufacturing.doctype.bom_update_log.bom_update_log.resume_bom_cost_update_jobs because it was found in queue for erpnext.localhost
2025-04-23 10:16:00,658 ERROR scheduler Skipped queueing frappe.automation.doctype.reminder.reminder.send_reminders because it was found in queue for erpnext.localhost
2025-04-23 10:32:00,994 ERROR scheduler Skipped queueing frappe.core.doctype.prepared_report.prepared_report.expire_stalled_report because it was found in queue for erpnext.localhost
2025-04-23 10:32:01,021 ERROR scheduler Skipped queueing frappe.automation.doctype.reminder.reminder.send_reminders because it was found in queue for erpnext.localhost
2025-04-23 10:32:01,025 ERROR scheduler Skipped queueing frappe.email.doctype.email_account.email_account.notify_unreplied because it was found in queue for erpnext.localhost
2025-04-23 10:32:01,033 ERROR scheduler Skipped queueing frappe.website.doctype.web_page.web_page.check_publish_status because it was found in queue for erpnext.localhost
2025-04-23 10:32:01,038 ERROR scheduler Skipped queueing frappe.email.doctype.notification.notification.trigger_offset_alerts because it was found in queue for erpnext.localhost
2025-04-23 10:32:01,045 ERROR scheduler Skipped queueing erpnext.accounts.doctype.gl_entry.gl_entry.rename_gle_sle_docs because it was found in queue for erpnext.localhost
2025-04-23 10:32:01,056 ERROR scheduler Skipped queueing frappe.utils.global_search.sync_global_search because it was found in queue for erpnext.localhost
2025-04-23 10:32:01,069 ERROR scheduler Skipped queueing erpnext.manufacturing.doctype.bom_update_log.bom_update_log.resume_bom_cost_update_jobs because it was found in queue for erpnext.localhost
2025-04-23 10:32:01,076 ERROR scheduler Skipped queueing frappe.email.doctype.email_account.email_account.pull because it was found in queue for erpnext.localhost
2025-04-23 10:32:01,087 ERROR scheduler Skipped queueing erpnext.utilities.doctype.video.video.update_youtube_data because it was found in queue for erpnext.localhost
2025-04-23 10:32:01,098 ERROR scheduler Skipped queueing frappe.oauth.delete_oauth2_data because it was found in queue for erpnext.localhost
2025-04-23 10:32:01,101 ERROR scheduler Skipped queueing frappe.twofactor.delete_all_barcodes_for_users because it was found in queue for erpnext.localhost
2025-04-23 11:24:00,817 ERROR scheduler Skipped queueing frappe.email.queue.flush because it was found in queue for erpnext.localhost
2025-04-23 11:32:00,736 ERROR scheduler Skipped queueing erpnext.utilities.doctype.video.video.update_youtube_data because it was found in queue for erpnext.localhost
2025-04-23 11:32:00,746 ERROR scheduler Skipped queueing erpnext.manufacturing.doctype.bom_update_log.bom_update_log.resume_bom_cost_update_jobs because it was found in queue for erpnext.localhost
2025-04-23 11:32:00,751 ERROR scheduler Skipped queueing frappe.email.doctype.notification.notification.trigger_offset_alerts because it was found in queue for erpnext.localhost
2025-04-23 11:32:00,754 ERROR scheduler Skipped queueing frappe.automation.doctype.reminder.reminder.send_reminders because it was found in queue for erpnext.localhost
2025-04-23 11:32:00,756 ERROR scheduler Skipped queueing frappe.twofactor.delete_all_barcodes_for_users because it was found in queue for erpnext.localhost
2025-04-23 11:32:00,758 ERROR scheduler Skipped queueing erpnext.accounts.doctype.gl_entry.gl_entry.rename_gle_sle_docs because it was found in queue for erpnext.localhost
2025-04-23 11:32:00,773 ERROR scheduler Skipped queueing frappe.email.doctype.email_account.email_account.notify_unreplied because it was found in queue for erpnext.localhost
2025-04-23 11:32:00,775 ERROR scheduler Skipped queueing frappe.deferred_insert.save_to_db because it was found in queue for erpnext.localhost
2025-04-23 11:32:00,777 ERROR scheduler Skipped queueing frappe.email.doctype.email_account.email_account.pull because it was found in queue for erpnext.localhost
2025-04-23 11:32:00,781 ERROR scheduler Skipped queueing frappe.core.doctype.prepared_report.prepared_report.expire_stalled_report because it was found in queue for erpnext.localhost
2025-04-23 11:48:00,774 ERROR scheduler Skipped queueing frappe.automation.doctype.reminder.reminder.send_reminders because it was found in queue for erpnext.localhost
2025-04-23 11:48:00,787 ERROR scheduler Skipped queueing frappe.deferred_insert.save_to_db because it was found in queue for erpnext.localhost
2025-04-23 12:16:00,870 ERROR scheduler Skipped queueing frappe.deferred_insert.save_to_db because it was found in queue for erpnext.localhost
2025-04-23 12:16:00,901 ERROR scheduler Skipped queueing frappe.utils.global_search.sync_global_search because it was found in queue for erpnext.localhost
2025-04-23 12:16:00,903 ERROR scheduler Skipped queueing frappe.twofactor.delete_all_barcodes_for_users because it was found in queue for erpnext.localhost
2025-04-23 12:32:00,880 ERROR scheduler Skipped queueing frappe.twofactor.delete_all_barcodes_for_users because it was found in queue for erpnext.localhost
2025-04-23 12:32:00,887 ERROR scheduler Skipped queueing frappe.email.doctype.email_account.email_account.pull because it was found in queue for erpnext.localhost
2025-04-23 12:32:00,888 ERROR scheduler Skipped queueing frappe.oauth.delete_oauth2_data because it was found in queue for erpnext.localhost
2025-04-23 12:32:00,890 ERROR scheduler Skipped queueing frappe.website.doctype.web_page.web_page.check_publish_status because it was found in queue for erpnext.localhost
2025-04-23 12:32:00,900 ERROR scheduler Skipped queueing erpnext.manufacturing.doctype.bom_update_log.bom_update_log.resume_bom_cost_update_jobs because it was found in queue for erpnext.localhost
2025-04-23 12:32:00,902 ERROR scheduler Skipped queueing frappe.email.doctype.notification.notification.trigger_offset_alerts because it was found in queue for erpnext.localhost
2025-04-23 12:32:00,903 ERROR scheduler Skipped queueing erpnext.accounts.doctype.gl_entry.gl_entry.rename_gle_sle_docs because it was found in queue for erpnext.localhost
2025-04-23 12:48:00,586 ERROR scheduler Skipped queueing frappe.utils.global_search.sync_global_search because it was found in queue for erpnext.localhost
2025-04-23 12:48:00,606 ERROR scheduler Skipped queueing frappe.twofactor.delete_all_barcodes_for_users because it was found in queue for erpnext.localhost
2025-04-23 12:48:00,609 ERROR scheduler Skipped queueing frappe.oauth.delete_oauth2_data because it was found in queue for erpnext.localhost
2025-04-23 14:16:00,516 ERROR scheduler Skipped queueing frappe.automation.doctype.reminder.reminder.send_reminders because it was found in queue for erpnext.localhost
2025-04-23 14:16:00,547 ERROR scheduler Skipped queueing frappe.deferred_insert.save_to_db because it was found in queue for erpnext.localhost
2025-04-23 14:16:00,549 ERROR scheduler Skipped queueing frappe.email.doctype.notification.notification.trigger_offset_alerts because it was found in queue for erpnext.localhost
2025-04-23 14:16:00,560 ERROR scheduler Skipped queueing frappe.utils.global_search.sync_global_search because it was found in queue for erpnext.localhost
2025-04-23 14:48:00,123 ERROR scheduler Skipped queueing frappe.email.doctype.notification.notification.trigger_offset_alerts because it was found in queue for erpnext.localhost
2025-04-23 14:48:00,141 ERROR scheduler Skipped queueing frappe.email.doctype.email_account.email_account.notify_unreplied because it was found in queue for erpnext.localhost
2025-04-23 14:48:00,146 ERROR scheduler Skipped queueing frappe.deferred_insert.save_to_db because it was found in queue for erpnext.localhost
2025-04-23 14:48:00,147 ERROR scheduler Skipped queueing frappe.oauth.delete_oauth2_data because it was found in queue for erpnext.localhost
2025-04-23 14:48:00,154 ERROR scheduler Skipped queueing erpnext.manufacturing.doctype.bom_update_log.bom_update_log.resume_bom_cost_update_jobs because it was found in queue for erpnext.localhost
2025-04-23 14:48:00,157 ERROR scheduler Skipped queueing frappe.automation.doctype.reminder.reminder.send_reminders because it was found in queue for erpnext.localhost
2025-04-23 15:16:00,897 ERROR scheduler Skipped queueing frappe.utils.global_search.sync_global_search because it was found in queue for erpnext.localhost
2025-04-23 15:16:00,913 ERROR scheduler Skipped queueing frappe.deferred_insert.save_to_db because it was found in queue for erpnext.localhost
2025-04-23 15:16:00,915 ERROR scheduler Skipped queueing frappe.oauth.delete_oauth2_data because it was found in queue for erpnext.localhost
2025-04-23 15:16:00,918 ERROR scheduler Skipped queueing erpnext.manufacturing.doctype.bom_update_log.bom_update_log.resume_bom_cost_update_jobs because it was found in queue for erpnext.localhost
2025-04-23 15:16:00,924 ERROR scheduler Skipped queueing frappe.automation.doctype.reminder.reminder.send_reminders because it was found in queue for erpnext.localhost
2025-04-23 15:16:00,931 ERROR scheduler Skipped queueing frappe.twofactor.delete_all_barcodes_for_users because it was found in queue for erpnext.localhost
2025-04-23 15:16:00,934 ERROR scheduler Skipped queueing frappe.email.doctype.email_account.email_account.notify_unreplied because it was found in queue for erpnext.localhost
2025-04-23 15:32:00,235 ERROR scheduler Skipped queueing frappe.deferred_insert.save_to_db because it was found in queue for erpnext.localhost
2025-04-23 15:32:00,246 ERROR scheduler Skipped queueing frappe.core.doctype.prepared_report.prepared_report.expire_stalled_report because it was found in queue for erpnext.localhost
2025-04-23 15:32:00,247 ERROR scheduler Skipped queueing frappe.automation.doctype.reminder.reminder.send_reminders because it was found in queue for erpnext.localhost
2025-04-23 15:32:00,254 ERROR scheduler Skipped queueing erpnext.utilities.doctype.video.video.update_youtube_data because it was found in queue for erpnext.localhost
2025-04-23 15:32:00,255 ERROR scheduler Skipped queueing frappe.twofactor.delete_all_barcodes_for_users because it was found in queue for erpnext.localhost
2025-04-23 15:32:00,257 ERROR scheduler Skipped queueing frappe.email.doctype.notification.notification.trigger_offset_alerts because it was found in queue for erpnext.localhost
2025-04-23 15:32:00,259 ERROR scheduler Skipped queueing frappe.website.doctype.web_page.web_page.check_publish_status because it was found in queue for erpnext.localhost
2025-04-23 15:48:00,372 ERROR scheduler Skipped queueing frappe.utils.global_search.sync_global_search because it was found in queue for erpnext.localhost
2025-04-23 16:32:00,208 ERROR scheduler Skipped queueing frappe.automation.doctype.reminder.reminder.send_reminders because it was found in queue for erpnext.localhost
2025-04-23 16:32:00,225 ERROR scheduler Skipped queueing erpnext.accounts.doctype.gl_entry.gl_entry.rename_gle_sle_docs because it was found in queue for erpnext.localhost
2025-04-23 16:32:00,227 ERROR scheduler Skipped queueing frappe.deferred_insert.save_to_db because it was found in queue for erpnext.localhost
2025-04-23 16:32:00,230 ERROR scheduler Skipped queueing frappe.email.doctype.email_account.email_account.pull because it was found in queue for erpnext.localhost
2025-04-23 16:32:00,239 ERROR scheduler Skipped queueing frappe.oauth.delete_oauth2_data because it was found in queue for erpnext.localhost
2025-04-23 16:32:00,242 ERROR scheduler Skipped queueing frappe.email.doctype.email_account.email_account.notify_unreplied because it was found in queue for erpnext.localhost
2025-04-23 16:32:00,243 ERROR scheduler Skipped queueing erpnext.utilities.doctype.video.video.update_youtube_data because it was found in queue for erpnext.localhost
2025-04-23 16:48:00,063 ERROR scheduler Skipped queueing frappe.utils.global_search.sync_global_search because it was found in queue for erpnext.localhost
2025-04-23 16:48:00,075 ERROR scheduler Skipped queueing frappe.email.doctype.notification.notification.trigger_offset_alerts because it was found in queue for erpnext.localhost
2025-04-23 17:08:00,825 ERROR scheduler Skipped queueing frappe.email.doctype.notification.notification.trigger_offset_alerts because it was found in queue for erpnext.localhost
2025-04-23 17:16:00,854 ERROR scheduler Skipped queueing frappe.oauth.delete_oauth2_data because it was found in queue for erpnext.localhost
2025-04-23 17:16:00,883 ERROR scheduler Skipped queueing frappe.email.doctype.email_account.email_account.notify_unreplied because it was found in queue for erpnext.localhost
2025-04-23 17:16:00,886 ERROR scheduler Skipped queueing frappe.website.doctype.web_page.web_page.check_publish_status because it was found in queue for erpnext.localhost
2025-04-23 17:16:00,890 ERROR scheduler Skipped queueing frappe.twofactor.delete_all_barcodes_for_users because it was found in queue for erpnext.localhost
2025-04-23 17:16:00,892 ERROR scheduler Skipped queueing frappe.deferred_insert.save_to_db because it was found in queue for erpnext.localhost
2025-04-23 17:16:00,903 ERROR scheduler Skipped queueing frappe.email.doctype.notification.notification.trigger_offset_alerts because it was found in queue for erpnext.localhost
2025-04-23 17:32:00,534 ERROR scheduler Skipped queueing erpnext.utilities.doctype.video.video.update_youtube_data because it was found in queue for erpnext.localhost
2025-04-23 17:32:00,560 ERROR scheduler Skipped queueing frappe.email.doctype.email_account.email_account.pull because it was found in queue for erpnext.localhost
2025-04-23 17:32:00,562 ERROR scheduler Skipped queueing frappe.oauth.delete_oauth2_data because it was found in queue for erpnext.localhost
2025-04-23 17:32:00,567 ERROR scheduler Skipped queueing erpnext.manufacturing.doctype.bom_update_log.bom_update_log.resume_bom_cost_update_jobs because it was found in queue for erpnext.localhost
2025-04-23 17:32:00,570 ERROR scheduler Skipped queueing frappe.automation.doctype.reminder.reminder.send_reminders because it was found in queue for erpnext.localhost
2025-04-23 17:32:00,572 ERROR scheduler Skipped queueing erpnext.accounts.doctype.gl_entry.gl_entry.rename_gle_sle_docs because it was found in queue for erpnext.localhost
2025-04-23 17:32:00,580 ERROR scheduler Skipped queueing frappe.utils.global_search.sync_global_search because it was found in queue for erpnext.localhost
2025-04-23 17:32:00,584 ERROR scheduler Skipped queueing frappe.deferred_insert.save_to_db because it was found in queue for erpnext.localhost
2025-04-23 17:32:00,587 ERROR scheduler Skipped queueing frappe.email.doctype.notification.notification.trigger_offset_alerts because it was found in queue for erpnext.localhost
2025-04-23 17:32:00,593 ERROR scheduler Skipped queueing frappe.email.doctype.email_account.email_account.notify_unreplied because it was found in queue for erpnext.localhost
2025-04-23 17:48:00,637 ERROR scheduler Skipped queueing frappe.utils.global_search.sync_global_search because it was found in queue for erpnext.localhost
2025-04-23 17:48:00,643 ERROR scheduler Skipped queueing erpnext.manufacturing.doctype.bom_update_log.bom_update_log.resume_bom_cost_update_jobs because it was found in queue for erpnext.localhost
2025-04-23 17:48:00,663 ERROR scheduler Skipped queueing frappe.automation.doctype.reminder.reminder.send_reminders because it was found in queue for erpnext.localhost
2025-04-23 17:48:00,670 ERROR scheduler Skipped queueing frappe.email.doctype.email_account.email_account.notify_unreplied because it was found in queue for erpnext.localhost
2025-04-23 17:48:00,673 ERROR scheduler Skipped queueing frappe.website.doctype.web_page.web_page.check_publish_status because it was found in queue for erpnext.localhost
2025-04-23 17:48:00,675 ERROR scheduler Skipped queueing frappe.deferred_insert.save_to_db because it was found in queue for erpnext.localhost
